{
	"type": "Template",
	"body": [
		{
			"type": "Special",
			"key": {
				"type": "Key",
				"name": "r",
				"start": 2,
				"end": 3,
				"loc": {
					"start": {
						"line": 1,
						"column": 2
					},
					"end": {
						"line": 1,
						"column": 3
					}
				}
			},
			"start": 0,
			"end": 4,
			"loc": {
				"start": {
					"line": 1,
					"column": 0
				},
				"end": {
					"line": 1,
					"column": 4
				}
			}
		}
	],
	"tokens": [
		{
			"type": "Punctuator",
			"value": "{",
			"start": 0,
			"end": 1,
			"loc": {
				"start": {
					"line": 1,
					"column": 0
				},
				"end": {
					"line": 1,
					"column": 1
				}
			}
		},
		{
			"type": "Punctuator",
			"value": "~",
			"start": 1,
			"end": 2,
			"loc": {
				"start": {
					"line": 1,
					"column": 1
				},
				"end": {
					"line": 1,
					"column": 2
				}
			}
		},
		{
			"type": "Key",
			"value": "r",
			"start": 2,
			"end": 3,
			"loc": {
				"start": {
					"line": 1,
					"column": 2
				},
				"end": {
					"line": 1,
					"column": 3
				}
			}
		},
		{
			"type": "Punctuator",
			"value": "}",
			"start": 3,
			"end": 4,
			"loc": {
				"start": {
					"line": 1,
					"column": 3
				},
				"end": {
					"line": 1,
					"column": 4
				}
			}
		}
	],
	"start": 0,
	"end": 4,
	"loc": {
		"start": {
			"line": 1,
			"column": 0
		},
		"end": {
			"line": 1,
			"column": 4
		}
	}
}