{
	"type": "Template",
	"body": [
		{
			"type": "Comment",
			"value": " {?exists}{@helper param=\"hello\"/}, {world}!{/exists} ",
			"start": 0,
			"end": 58,
			"loc": {
				"start": {
					"line": 1,
					"column": 0
				},
				"end": {
					"line": 1,
					"column": 58
				}
			}
		}
	],
	"tokens": [
		{
			"type": "Comment",
			"value": " {?exists}{@helper param=\"hello\"/}, {world}!{/exists} ",
			"start": 0,
			"end": 58,
			"loc": {
				"start": {
					"line": 1,
					"column": 0
				},
				"end": {
					"line": 1,
					"column": 58
				}
			}
		}
	],
	"start": 0,
	"end": 58,
	"loc": {
		"start": {
			"line": 1,
			"column": 0
		},
		"end": {
			"line": 1,
			"column": 58
		}
	}
}