{
	"type": "Template",
	"body": [
		{
			"type": "Buffer",
			"value": "<h1>hello,",
			"start": 0,
			"end": 10,
			"loc": {
				"start": {
					"line": 1,
					"column": 0
				},
				"end": {
					"line": 1,
					"column": 10
				}
			}
		},
		{
			"type": "Format",
			"value": "\r\n",
			"start": 10,
			"end": 11,
			"loc": {
				"start": {
					"line": 1,
					"column": 10
				},
				"end": {
					"line": 2,
					"column": 1
				}
			}
		},
		{
			"type": "Buffer",
			"value": "world!</h1>",
			"start": 11,
			"end": 22,
			"loc": {
				"start": {
					"line": 2,
					"column": 1
				},
				"end": {
					"line": 2,
					"column": 12
				}
			}
		}
	],
	"tokens": [
		{
			"type": "Buffer",
			"value": "<h1>hello,",
			"start": 0,
			"end": 10,
			"loc": {
				"start": {
					"line": 1,
					"column": 0
				},
				"end": {
					"line": 1,
					"column": 10
				}
			}
		},
		{
			"type": "Format",
			"value": "\r\n",
			"start": 10,
			"end": 11,
			"loc": {
				"start": {
					"line": 1,
					"column": 10
				},
				"end": {
					"line": 2,
					"column": 1
				}
			}
		},
		{
			"type": "Buffer",
			"value": "world!</h1>",
			"start": 11,
			"end": 22,
			"loc": {
				"start": {
					"line": 2,
					"column": 1
				},
				"end": {
					"line": 2,
					"column": 12
				}
			}
		}
	],
	"start": 0,
	"end": 22,
	"loc": {
		"start": {
			"line": 1,
			"column": 0
		},
		"end": {
			"line": 2,
			"column": 12
		}
	}
}