{
	"type": "Template",
	"body": [
		{
			"type": "Partial",
			"value": {
				"type": "Inline",
				"body": [
					{
						"type": "StringLiteral",
						"value": "hey",
						"start": 6,
						"end": 9,
						"loc": {
							"start": {
								"line": 2,
								"column": 6
							},
							"end": {
								"line": 1,
								"column": 9
							}
						}
					}
				],
				"start": 5,
				"end": 10,
				"loc": {
					"start": {
						"line": 1,
						"column": 5
					},
					"end": {
						"line": 1,
						"column": 10
					}
				}
			},
			"context": null,
			"format": {
				"afterStart": {
					"type": "Format",
					"text": "   ",
					"start": 2,
					"end": 5,
					"loc": {
						"start": {
							"line": 1,
							"column": 2
						},
						"end": {
							"line": 1,
							"column": 5
						}
					}
				},
				"beforeParam": [],
				"beforeEnd": {
					"type": "Format",
					"text": "   ",
					"start": 10,
					"end": 13,
					"loc": {
						"start": {
							"line": 1,
							"column": 10
						},
						"end": {
							"line": 1,
							"column": 13
						}
					}
				}
			},
			"params": [],
			"kind": ">",
			"start": 0,
			"end": 15,
			"loc": {
				"start": {
					"line": 1,
					"column": 0
				},
				"end": {
					"line": 1,
					"column": 15
				}
			}
		}
	],
	"tokens": [
		{
			"type": "Punctuator",
			"value": "{",
			"start": 0,
			"end": 1,
			"loc": {
				"start": {
					"line": 1,
					"column": 0
				},
				"end": {
					"line": 1,
					"column": 1
				}
			}
		},
		{
			"type": "Punctuator",
			"value": ">",
			"start": 1,
			"end": 2,
			"loc": {
				"start": {
					"line": 1,
					"column": 1
				},
				"end": {
					"line": 1,
					"column": 2
				}
			}
		},
		{
			"type": "Format",
			"value": "   ",
			"start": 2,
			"end": 5,
			"loc": {
				"start": {
					"line": 1,
					"column": 2
				},
				"end": {
					"line": 1,
					"column": 5
				}
			}
		},
		{
			"type": "Punctuator",
			"value": "\"",
			"start": 5,
			"end": 6,
			"loc": {
				"start": {
					"line": 1,
					"column": 5
				},
				"end": {
					"line": 2,
					"column": 6
				}
			}
		},
		{
			"type": "StringLiteral",
			"value": "hey",
			"start": 6,
			"end": 9,
			"loc": {
				"start": {
					"line": 2,
					"column": 6
				},
				"end": {
					"line": 1,
					"column": 9
				}
			}
		},
		{
			"type": "Punctuator",
			"value": "\"",
			"start": 9,
			"end": 10,
			"loc": {
				"start": {
					"line": 1,
					"column": 9
				},
				"end": {
					"line": 1,
					"column": 10
				}
			}
		},
		{
			"type": "Format",
			"value": "   ",
			"start": 10,
			"end": 13,
			"loc": {
				"start": {
					"line": 1,
					"column": 10
				},
				"end": {
					"line": 1,
					"column": 13
				}
			}
		},
		{
			"type": "Punctuator",
			"value": "/",
			"start": 13,
			"end": 14,
			"loc": {
				"start": {
					"line": 1,
					"column": 13
				},
				"end": {
					"line": 1,
					"column": 14
				}
			}
		},
		{
			"type": "Punctuator",
			"value": "}",
			"start": 14,
			"end": 15,
			"loc": {
				"start": {
					"line": 1,
					"column": 14
				},
				"end": {
					"line": 1,
					"column": 15
				}
			}
		}
	],
	"start": 0,
	"end": 15,
	"loc": {
		"start": {
			"line": 1,
			"column": 0
		},
		"end": {
			"line": 1,
			"column": 15
		}
	}
}