{
	"type": "Template",
	"body": [
		{
			"type": "Partial",
			"value": {
				"type": "Inline",
				"body": [
					{
						"type": "StringLiteral",
						"value": "hey",
						"start": 4,
						"end": 7,
						"loc": {
							"start": {
								"line": 2,
								"column": 4
							},
							"end": {
								"line": 1,
								"column": 7
							}
						}
					}
				],
				"start": 3,
				"end": 8,
				"loc": {
					"start": {
						"line": 1,
						"column": 3
					},
					"end": {
						"line": 1,
						"column": 8
					}
				}
			},
			"context": null,
			"format": {
				"afterStart": {
					"type": "Format",
					"text": " ",
					"start": 2,
					"end": 3,
					"loc": {
						"start": {
							"line": 1,
							"column": 2
						},
						"end": {
							"line": 1,
							"column": 3
						}
					}
				},
				"beforeParam": [],
				"beforeEnd": {
					"type": "Format",
					"text": " ",
					"start": 8,
					"end": 9,
					"loc": {
						"start": {
							"line": 1,
							"column": 8
						},
						"end": {
							"line": 1,
							"column": 9
						}
					}
				}
			},
			"params": [],
			"kind": "+",
			"start": 0,
			"end": 11,
			"loc": {
				"start": {
					"line": 1,
					"column": 0
				},
				"end": {
					"line": 1,
					"column": 11
				}
			}
		}
	],
	"tokens": [
		{
			"type": "Punctuator",
			"value": "{",
			"start": 0,
			"end": 1,
			"loc": {
				"start": {
					"line": 1,
					"column": 0
				},
				"end": {
					"line": 1,
					"column": 1
				}
			}
		},
		{
			"type": "Punctuator",
			"value": "+",
			"start": 1,
			"end": 2,
			"loc": {
				"start": {
					"line": 1,
					"column": 1
				},
				"end": {
					"line": 1,
					"column": 2
				}
			}
		},
		{
			"type": "Format",
			"value": " ",
			"start": 2,
			"end": 3,
			"loc": {
				"start": {
					"line": 1,
					"column": 2
				},
				"end": {
					"line": 1,
					"column": 3
				}
			}
		},
		{
			"type": "Punctuator",
			"value": "\"",
			"start": 3,
			"end": 4,
			"loc": {
				"start": {
					"line": 1,
					"column": 3
				},
				"end": {
					"line": 2,
					"column": 4
				}
			}
		},
		{
			"type": "StringLiteral",
			"value": "hey",
			"start": 4,
			"end": 7,
			"loc": {
				"start": {
					"line": 2,
					"column": 4
				},
				"end": {
					"line": 1,
					"column": 7
				}
			}
		},
		{
			"type": "Punctuator",
			"value": "\"",
			"start": 7,
			"end": 8,
			"loc": {
				"start": {
					"line": 1,
					"column": 7
				},
				"end": {
					"line": 1,
					"column": 8
				}
			}
		},
		{
			"type": "Format",
			"value": " ",
			"start": 8,
			"end": 9,
			"loc": {
				"start": {
					"line": 1,
					"column": 8
				},
				"end": {
					"line": 1,
					"column": 9
				}
			}
		},
		{
			"type": "Punctuator",
			"value": "/",
			"start": 9,
			"end": 10,
			"loc": {
				"start": {
					"line": 1,
					"column": 9
				},
				"end": {
					"line": 1,
					"column": 10
				}
			}
		},
		{
			"type": "Punctuator",
			"value": "}",
			"start": 10,
			"end": 11,
			"loc": {
				"start": {
					"line": 1,
					"column": 10
				},
				"end": {
					"line": 1,
					"column": 11
				}
			}
		}
	],
	"start": 0,
	"end": 11,
	"loc": {
		"start": {
			"line": 1,
			"column": 0
		},
		"end": {
			"line": 1,
			"column": 11
		}
	}
}