{
	"type": "Template",
	"body": [
		{
			"type": "Partial",
			"value": {
				"type": "Inline",
				"body": [
					{
						"type": "Literal",
						"value": "\"this is ",
						"loc": {
							"start": {
								"line": 1,
								"column": 4
							},
							"end": {
								"line": 1,
								"column": 13
							}
						}
					},
					{
						"type": "Reference",
						"id": {
							"type": "Identifier",
							"path": [
								{
									"type": "Key",
									"name": "variable-here",
									"loc": {
										"start": {
											"line": 1,
											"column": 14
										},
										"end": {
											"line": 1,
											"column": 27
										}
									}
								}
							],
							"loc": {
								"start": {
									"line": 1,
									"column": 14
								},
								"end": {
									"line": 1,
									"column": 27
								}
							}
						},
						"filters": [],
						"loc": {
							"start": {
								"line": 1,
								"column": 13
							},
							"end": {
								"line": 1,
								"column": 28
							}
						}
					},
					{
						"type": "Literal",
						"value": " my partial\"",
						"loc": {
							"start": {
								"line": 1,
								"column": 28
							},
							"end": {
								"line": 1,
								"column": 40
							}
						}
					}
				],
				"loc": {
					"start": {
						"line": 1,
						"column": 4
					},
					"end": {
						"line": 1,
						"column": 40
					}
				}
			},
			"context": null,
			"loc": {
				"start": {
					"line": 1,
					"column": 1
				},
				"end": {
					"line": 1,
					"column": 43
				}
			}
		}
	],
	"tokens": [
		{
			"type": "Punctuator",
			"value": "{",
			"loc": {
				"start": {
					"line": 1,
					"column": 1
				},
				"end": {
					"line": 1,
					"column": 2
				}
			}
		},
		{
			"type": "Punctuator",
			"value": ">",
			"loc": {
				"start": {
					"line": 1,
					"column": 2
				},
				"end": {
					"line": 1,
					"column": 3
				}
			}
		},
		{
			"type": "Literal",
			"value": "\"this is ",
			"loc": {
				"start": {
					"line": 1,
					"column": 4
				},
				"end": {
					"line": 1,
					"column": 13
				}
			}
		},
		{
			"type": "Punctuator",
			"value": "{",
			"loc": {
				"start": {
					"line": 1,
					"column": 13
				},
				"end": {
					"line": 1,
					"column": 14
				}
			}
		},
		{
			"type": "Key",
			"value": "variable-here",
			"loc": {
				"start": {
					"line": 1,
					"column": 14
				},
				"end": {
					"line": 1,
					"column": 27
				}
			}
		},
		{
			"type": "Punctuator",
			"value": "}",
			"loc": {
				"start": {
					"line": 1,
					"column": 27
				},
				"end": {
					"line": 1,
					"column": 28
				}
			}
		},
		{
			"type": "Literal",
			"value": " my partial\"",
			"loc": {
				"start": {
					"line": 1,
					"column": 28
				},
				"end": {
					"line": 1,
					"column": 40
				}
			}
		},
		{
			"type": "Punctuator",
			"value": "/",
			"loc": {
				"start": {
					"line": 1,
					"column": 41
				},
				"end": {
					"line": 1,
					"column": 42
				}
			}
		},
		{
			"type": "Punctuator",
			"value": "}",
			"loc": {
				"start": {
					"line": 1,
					"column": 42
				},
				"end": {
					"line": 1,
					"column": 43
				}
			}
		}
	],
	"loc": {
		"start": {
			"line": 1,
			"column": 1
		},
		"end": {
			"line": 1,
			"column": 43
		}
	}
}