{
	"type": "Template",
	"body": [
		{
			"type": "Partial",
			"value": {
				"type": "Inline",
				"body": [
					{
						"type": "StringLiteral",
						"value": "thing",
						"loc": {
							"start": {
								"line": 1,
								"column": 5
							},
							"end": {
								"line": 1,
								"column": 10
							}
						}
					}
				],
				"loc": {
					"start": {
						"line": 1,
						"column": 4
					},
					"end": {
						"line": 1,
						"column": 11
					}
				}
			},
			"context": null,
			"params": [
				{
					"type": "Param",
					"key": {
						"type": "Key",
						"name": "myparam",
						"loc": {
							"start": {
								"line": 1,
								"column": 12
							},
							"end": {
								"line": 1,
								"column": 19
							}
						}
					},
					"value": {
						"type": "Inline",
						"body": [
							{
								"type": "StringLiteral",
								"value": "literal",
								"loc": {
									"start": {
										"line": 1,
										"column": 21
									},
									"end": {
										"line": 1,
										"column": 28
									}
								}
							}
						],
						"loc": {
							"start": {
								"line": 1,
								"column": 20
							},
							"end": {
								"line": 1,
								"column": 29
							}
						}
					},
					"loc": {
						"start": {
							"line": 1,
							"column": 12
						},
						"end": {
							"line": 1,
							"column": 29
						}
					}
				}
			],
			"loc": {
				"start": {
					"line": 1,
					"column": 1
				},
				"end": {
					"line": 1,
					"column": 32
				}
			}
		}
	],
	"tokens": [
		{
			"type": "Punctuator",
			"value": "{",
			"loc": {
				"start": {
					"line": 1,
					"column": 1
				},
				"end": {
					"line": 1,
					"column": 2
				}
			}
		},
		{
			"type": "Punctuator",
			"value": ">",
			"loc": {
				"start": {
					"line": 1,
					"column": 2
				},
				"end": {
					"line": 1,
					"column": 3
				}
			}
		},
		{
			"type": "Punctuator",
			"value": "\"",
			"loc": {
				"start": {
					"line": 1,
					"column": 4
				},
				"end": {
					"line": 1,
					"column": 5
				}
			}
		},
		{
			"type": "StringLiteral",
			"value": "thing",
			"loc": {
				"start": {
					"line": 1,
					"column": 5
				},
				"end": {
					"line": 1,
					"column": 10
				}
			}
		},
		{
			"type": "Punctuator",
			"value": "\"",
			"loc": {
				"start": {
					"line": 1,
					"column": 10
				},
				"end": {
					"line": 1,
					"column": 11
				}
			}
		},
		{
			"type": "Key",
			"value": "myparam",
			"loc": {
				"start": {
					"line": 1,
					"column": 12
				},
				"end": {
					"line": 1,
					"column": 19
				}
			}
		},
		{
			"type": "Punctuator",
			"value": "=",
			"loc": {
				"start": {
					"line": 1,
					"column": 19
				},
				"end": {
					"line": 1,
					"column": 20
				}
			}
		},
		{
			"type": "Punctuator",
			"value": "\"",
			"loc": {
				"start": {
					"line": 1,
					"column": 20
				},
				"end": {
					"line": 1,
					"column": 21
				}
			}
		},
		{
			"type": "StringLiteral",
			"value": "literal",
			"loc": {
				"start": {
					"line": 1,
					"column": 21
				},
				"end": {
					"line": 1,
					"column": 28
				}
			}
		},
		{
			"type": "Punctuator",
			"value": "\"",
			"loc": {
				"start": {
					"line": 1,
					"column": 28
				},
				"end": {
					"line": 1,
					"column": 29
				}
			}
		},
		{
			"type": "Punctuator",
			"value": "/",
			"loc": {
				"start": {
					"line": 1,
					"column": 30
				},
				"end": {
					"line": 1,
					"column": 31
				}
			}
		},
		{
			"type": "Punctuator",
			"value": "}",
			"loc": {
				"start": {
					"line": 1,
					"column": 31
				},
				"end": {
					"line": 1,
					"column": 32
				}
			}
		}
	],
	"loc": {
		"start": {
			"line": 1,
			"column": 1
		},
		"end": {
			"line": 1,
			"column": 32
		}
	}
}