{
	"type": "Template",
	"body": [
		{
			"type": "Section",
			"body": [
				{
					"type": "Block",
					"body": [
						{
							"type": "Buffer",
							"text": "",
							"start": 7,
							"end": 8,
							"loc": {
								"start": {
									"line": 1,
									"column": 7
								},
								"end": {
									"line": 1,
									"column": 7
								}
							}
						}
					],
					"start": 7,
					"end": 8,
					"loc": {
						"start": {
							"line": 1,
							"column": 7
						},
						"end": {
							"line": 1,
							"column": 7
						}
					}
				}
			],
			"params": [],
			"kind": "+",
			"id": {
				"type": "Identifier",
				"path": [
					{
						"type": "Key",
						"name": "hey",
						"start": 3,
						"end": 6,
						"loc": {
							"start": {
								"line": 1,
								"column": 3
							},
							"end": {
								"line": 1,
								"column": 6
							}
						}
					}
				],
				"localContext": false,
				"start": 3,
				"end": 6,
				"loc": {
					"start": {
						"line": 1,
						"column": 3
					},
					"end": {
						"line": 1,
						"column": 6
					}
				}
			},
			"start": 0,
			"end": 13,
			"loc": {
				"start": {
					"line": 1,
					"column": 0
				},
				"end": {
					"line": 1,
					"column": 13
				}
			}
		}
	],
	"tokens": [
		{
			"type": "Punctuator",
			"value": "{",
			"start": 0,
			"end": 1,
			"loc": {
				"start": {
					"line": 1,
					"column": 0
				},
				"end": {
					"line": 1,
					"column": 1
				}
			}
		},
		{
			"type": "Punctuator",
			"value": "+",
			"start": 1,
			"end": 2,
			"loc": {
				"start": {
					"line": 1,
					"column": 1
				},
				"end": {
					"line": 1,
					"column": 2
				}
			}
		},
		{
			"type": "Format",
			"value": " ",
			"start": 2,
			"end": 3,
			"loc": {
				"start": {
					"line": 1,
					"column": 2
				},
				"end": {
					"line": 1,
					"column": 3
				}
			}
		},
		{
			"type": "Key",
			"value": "hey",
			"start": 3,
			"end": 6,
			"loc": {
				"start": {
					"line": 1,
					"column": 3
				},
				"end": {
					"line": 1,
					"column": 6
				}
			}
		},
		{
			"type": "Punctuator",
			"value": "}",
			"start": 6,
			"end": 7,
			"loc": {
				"start": {
					"line": 1,
					"column": 6
				},
				"end": {
					"line": 1,
					"column": 7
				}
			}
		},
		{
			"type": "Punctuator",
			"value": "{",
			"start": 7,
			"end": 8,
			"loc": {
				"start": {
					"line": 1,
					"column": 7
				},
				"end": {
					"line": 1,
					"column": 8
				}
			}
		},
		{
			"type": "Punctuator",
			"value": "/",
			"start": 8,
			"end": 9,
			"loc": {
				"start": {
					"line": 1,
					"column": 8
				},
				"end": {
					"line": 1,
					"column": 9
				}
			}
		},
		{
			"type": "Key",
			"value": "hey",
			"start": 9,
			"end": 12,
			"loc": {
				"start": {
					"line": 1,
					"column": 9
				},
				"end": {
					"line": 1,
					"column": 12
				}
			}
		},
		{
			"type": "Punctuator",
			"value": "}",
			"start": 12,
			"end": 13,
			"loc": {
				"start": {
					"line": 1,
					"column": 12
				},
				"end": {
					"line": 1,
					"column": 13
				}
			}
		}
	],
	"start": 0,
	"end": 13,
	"loc": {
		"start": {
			"line": 1,
			"column": 0
		},
		"end": {
			"line": 1,
			"column": 13
		}
	}
}