{
	"type": "Template",
	"body": [
		{
			"type": "Section",
			"body": [],
			"params": [
				{
					"type": "Param",
					"key": {
						"type": "Key",
						"name": "myparam",
						"start": 10,
						"end": 17,
						"loc": {
							"start": {
								"line": 1,
								"column": 10
							},
							"end": {
								"line": 1,
								"column": 17
							}
						}
					},
					"value": {
						"type": "NumericLiteral",
						"value": 562.123426,
						"start": 18,
						"end": 28,
						"loc": {
							"start": {
								"line": 1,
								"column": 18
							},
							"end": {
								"line": 1,
								"column": 28
							}
						}
					},
					"start": 10,
					"end": 28,
					"loc": {
						"start": {
							"line": 1,
							"column": 10
						},
						"end": {
							"line": 1,
							"column": 28
						}
					}
				}
			],
			"format": {
				"startTagAfterStart": null,
				"startTagBeforeParam": [
					{
						"type": "Format",
						"value": " ",
						"start": 9,
						"end": 10,
						"loc": {
							"start": {
								"line": 1,
								"column": 9
							},
							"end": {
								"line": 1,
								"column": 10
							}
						}
					}
				],
				"startTagBeforeEnd": null,
				"endTagAfterStart": null,
				"endTagBeforeEnd": null
			},
			"kind": "#",
			"id": {
				"type": "Identifier",
				"path": [
					{
						"type": "Key",
						"name": "section",
						"start": 2,
						"end": 9,
						"loc": {
							"start": {
								"line": 1,
								"column": 2
							},
							"end": {
								"line": 1,
								"column": 9
							}
						}
					}
				],
				"localContext": false,
				"start": 2,
				"end": 9,
				"loc": {
					"start": {
						"line": 1,
						"column": 2
					},
					"end": {
						"line": 1,
						"column": 9
					}
				}
			},
			"start": 0,
			"end": 30,
			"loc": {
				"start": {
					"line": 1,
					"column": 0
				},
				"end": {
					"line": 1,
					"column": 30
				}
			}
		}
	],
	"tokens": [
		{
			"type": "Punctuator",
			"value": "{",
			"start": 0,
			"end": 1,
			"loc": {
				"start": {
					"line": 1,
					"column": 0
				},
				"end": {
					"line": 1,
					"column": 1
				}
			}
		},
		{
			"type": "Punctuator",
			"value": "#",
			"start": 1,
			"end": 2,
			"loc": {
				"start": {
					"line": 1,
					"column": 1
				},
				"end": {
					"line": 1,
					"column": 2
				}
			}
		},
		{
			"type": "Key",
			"value": "section",
			"start": 2,
			"end": 9,
			"loc": {
				"start": {
					"line": 1,
					"column": 2
				},
				"end": {
					"line": 1,
					"column": 9
				}
			}
		},
		{
			"type": "Format",
			"value": " ",
			"start": 9,
			"end": 10,
			"loc": {
				"start": {
					"line": 1,
					"column": 9
				},
				"end": {
					"line": 1,
					"column": 10
				}
			}
		},
		{
			"type": "Key",
			"value": "myparam",
			"start": 10,
			"end": 17,
			"loc": {
				"start": {
					"line": 1,
					"column": 10
				},
				"end": {
					"line": 1,
					"column": 17
				}
			}
		},
		{
			"type": "Punctuator",
			"value": "=",
			"start": 17,
			"end": 18,
			"loc": {
				"start": {
					"line": 1,
					"column": 17
				},
				"end": {
					"line": 1,
					"column": 18
				}
			}
		},
		{
			"type": "NumericLiteral",
			"value": "562.123426",
			"start": 18,
			"end": 28,
			"loc": {
				"start": {
					"line": 1,
					"column": 18
				},
				"end": {
					"line": 1,
					"column": 28
				}
			}
		},
		{
			"type": "Punctuator",
			"value": "/",
			"start": 28,
			"end": 29,
			"loc": {
				"start": {
					"line": 1,
					"column": 28
				},
				"end": {
					"line": 1,
					"column": 29
				}
			}
		},
		{
			"type": "Punctuator",
			"value": "}",
			"start": 29,
			"end": 30,
			"loc": {
				"start": {
					"line": 1,
					"column": 29
				},
				"end": {
					"line": 1,
					"column": 30
				}
			}
		}
	],
	"start": 0,
	"end": 30,
	"loc": {
		"start": {
			"line": 1,
			"column": 0
		},
		"end": {
			"line": 1,
			"column": 30
		}
	}
}