{
	"type": "Template",
	"body": [
		{
			"type": "Section",
			"body": [
				{
					"type": "Block",
					"body": [
						{
							"type": "Buffer",
							"text": "",
							"start": 17,
							"end": 18,
							"loc": {
								"start": {
									"line": 1,
									"column": 17
								},
								"end": {
									"line": 1,
									"column": 17
								}
							}
						}
					],
					"start": 17,
					"end": 18,
					"loc": {
						"start": {
							"line": 1,
							"column": 17
						},
						"end": {
							"line": 1,
							"column": 17
						}
					}
				}
			],
			"params": [],
			"kind": "#",
			"id": {
				"type": "Identifier",
				"path": [
					{
						"type": "Key",
						"name": "one",
						"start": 3,
						"end": 6,
						"loc": {
							"start": {
								"line": 1,
								"column": 3
							},
							"end": {
								"line": 1,
								"column": 6
							}
						}
					},
					{
						"type": "Key",
						"name": "two",
						"start": 7,
						"end": 10,
						"loc": {
							"start": {
								"line": 1,
								"column": 7
							},
							"end": {
								"line": 1,
								"column": 10
							}
						}
					},
					{
						"type": "Key",
						"name": "three",
						"start": 11,
						"end": 16,
						"loc": {
							"start": {
								"line": 1,
								"column": 11
							},
							"end": {
								"line": 1,
								"column": 16
							}
						}
					}
				],
				"localContext": true,
				"start": 2,
				"end": 16,
				"loc": {
					"start": {
						"line": 1,
						"column": 2
					},
					"end": {
						"line": 1,
						"column": 16
					}
				}
			},
			"start": 0,
			"end": 34,
			"loc": {
				"start": {
					"line": 1,
					"column": 0
				},
				"end": {
					"line": 1,
					"column": 34
				}
			}
		}
	],
	"tokens": [
		{
			"type": "Punctuator",
			"value": "{",
			"start": 0,
			"end": 1,
			"loc": {
				"start": {
					"line": 1,
					"column": 0
				},
				"end": {
					"line": 1,
					"column": 1
				}
			}
		},
		{
			"type": "Punctuator",
			"value": "#",
			"start": 1,
			"end": 2,
			"loc": {
				"start": {
					"line": 1,
					"column": 1
				},
				"end": {
					"line": 1,
					"column": 2
				}
			}
		},
		{
			"type": "Punctuator",
			"value": ".",
			"start": 2,
			"end": 3,
			"loc": {
				"start": {
					"line": 1,
					"column": 2
				},
				"end": {
					"line": 1,
					"column": 3
				}
			}
		},
		{
			"type": "Key",
			"value": "one",
			"start": 3,
			"end": 6,
			"loc": {
				"start": {
					"line": 1,
					"column": 3
				},
				"end": {
					"line": 1,
					"column": 6
				}
			}
		},
		{
			"type": "Punctuator",
			"value": ".",
			"start": 6,
			"end": 7,
			"loc": {
				"start": {
					"line": 1,
					"column": 6
				},
				"end": {
					"line": 1,
					"column": 7
				}
			}
		},
		{
			"type": "Key",
			"value": "two",
			"start": 7,
			"end": 10,
			"loc": {
				"start": {
					"line": 1,
					"column": 7
				},
				"end": {
					"line": 1,
					"column": 10
				}
			}
		},
		{
			"type": "Punctuator",
			"value": ".",
			"start": 10,
			"end": 11,
			"loc": {
				"start": {
					"line": 1,
					"column": 10
				},
				"end": {
					"line": 1,
					"column": 11
				}
			}
		},
		{
			"type": "Key",
			"value": "three",
			"start": 11,
			"end": 16,
			"loc": {
				"start": {
					"line": 1,
					"column": 11
				},
				"end": {
					"line": 1,
					"column": 16
				}
			}
		},
		{
			"type": "Punctuator",
			"value": "}",
			"start": 16,
			"end": 17,
			"loc": {
				"start": {
					"line": 1,
					"column": 16
				},
				"end": {
					"line": 1,
					"column": 17
				}
			}
		},
		{
			"type": "Punctuator",
			"value": "{",
			"start": 17,
			"end": 18,
			"loc": {
				"start": {
					"line": 1,
					"column": 17
				},
				"end": {
					"line": 1,
					"column": 18
				}
			}
		},
		{
			"type": "Punctuator",
			"value": "/",
			"start": 18,
			"end": 19,
			"loc": {
				"start": {
					"line": 1,
					"column": 18
				},
				"end": {
					"line": 1,
					"column": 19
				}
			}
		},
		{
			"type": "Punctuator",
			"value": ".",
			"start": 19,
			"end": 20,
			"loc": {
				"start": {
					"line": 1,
					"column": 19
				},
				"end": {
					"line": 1,
					"column": 20
				}
			}
		},
		{
			"type": "Key",
			"value": "one",
			"start": 20,
			"end": 23,
			"loc": {
				"start": {
					"line": 1,
					"column": 20
				},
				"end": {
					"line": 1,
					"column": 23
				}
			}
		},
		{
			"type": "Punctuator",
			"value": ".",
			"start": 23,
			"end": 24,
			"loc": {
				"start": {
					"line": 1,
					"column": 23
				},
				"end": {
					"line": 1,
					"column": 24
				}
			}
		},
		{
			"type": "Key",
			"value": "two",
			"start": 24,
			"end": 27,
			"loc": {
				"start": {
					"line": 1,
					"column": 24
				},
				"end": {
					"line": 1,
					"column": 27
				}
			}
		},
		{
			"type": "Punctuator",
			"value": ".",
			"start": 27,
			"end": 28,
			"loc": {
				"start": {
					"line": 1,
					"column": 27
				},
				"end": {
					"line": 1,
					"column": 28
				}
			}
		},
		{
			"type": "Key",
			"value": "three",
			"start": 28,
			"end": 33,
			"loc": {
				"start": {
					"line": 1,
					"column": 28
				},
				"end": {
					"line": 1,
					"column": 33
				}
			}
		},
		{
			"type": "Punctuator",
			"value": "}",
			"start": 33,
			"end": 34,
			"loc": {
				"start": {
					"line": 1,
					"column": 33
				},
				"end": {
					"line": 1,
					"column": 34
				}
			}
		}
	],
	"start": 0,
	"end": 34,
	"loc": {
		"start": {
			"line": 1,
			"column": 0
		},
		"end": {
			"line": 1,
			"column": 34
		}
	}
}