{
	"type": "Template",
	"body": [
		{
			"type": "Section",
			"body": [
				{
					"type": "Block",
					"body": [
						{
							"type": "Buffer",
							"text": "",
							"start": 17,
							"end": 17,
							"loc": {
								"start": {
									"line": 1,
									"column": 17
								},
								"end": {
									"line": 1,
									"column": 17
								}
							}
						}
					],
					"start": 17,
					"end": 17,
					"loc": {
						"start": {
							"line": 1,
							"column": 17
						},
						"end": {
							"line": 1,
							"column": 17
						}
					}
				}
			],
			"params": [],
			"format": {
				"startTagAfterKind": null,
				"startTagBeforeParam": [],
				"startTagBeforeEnd": null,
				"endTagAfterStart": null,
				"endTagBeforeEnd": null
			},
			"kind": "<",
			"id": {
				"type": "Identifier",
				"path": [
					{
						"type": "Key",
						"name": "inline-partial",
						"start": 2,
						"end": 16,
						"loc": {
							"start": {
								"line": 1,
								"column": 2
							},
							"end": {
								"line": 1,
								"column": 16
							}
						}
					}
				],
				"localContext": false,
				"start": 2,
				"end": 16,
				"loc": {
					"start": {
						"line": 1,
						"column": 2
					},
					"end": {
						"line": 1,
						"column": 16
					}
				}
			},
			"start": 0,
			"end": 34,
			"loc": {
				"start": {
					"line": 1,
					"column": 0
				},
				"end": {
					"line": 1,
					"column": 34
				}
			}
		}
	],
	"tokens": [
		{
			"type": "Punctuator",
			"value": "{",
			"start": 0,
			"end": 1,
			"loc": {
				"start": {
					"line": 1,
					"column": 0
				},
				"end": {
					"line": 1,
					"column": 1
				}
			}
		},
		{
			"type": "Punctuator",
			"value": "<",
			"start": 1,
			"end": 2,
			"loc": {
				"start": {
					"line": 1,
					"column": 1
				},
				"end": {
					"line": 1,
					"column": 2
				}
			}
		},
		{
			"type": "Key",
			"value": "inline-partial",
			"start": 2,
			"end": 16,
			"loc": {
				"start": {
					"line": 1,
					"column": 2
				},
				"end": {
					"line": 1,
					"column": 16
				}
			}
		},
		{
			"type": "Punctuator",
			"value": "}",
			"start": 16,
			"end": 17,
			"loc": {
				"start": {
					"line": 1,
					"column": 16
				},
				"end": {
					"line": 1,
					"column": 17
				}
			}
		},
		{
			"type": "Punctuator",
			"value": "{",
			"start": 17,
			"end": 18,
			"loc": {
				"start": {
					"line": 1,
					"column": 17
				},
				"end": {
					"line": 1,
					"column": 18
				}
			}
		},
		{
			"type": "Punctuator",
			"value": "/",
			"start": 18,
			"end": 19,
			"loc": {
				"start": {
					"line": 1,
					"column": 18
				},
				"end": {
					"line": 1,
					"column": 19
				}
			}
		},
		{
			"type": "Key",
			"value": "inline-partial",
			"start": 19,
			"end": 33,
			"loc": {
				"start": {
					"line": 1,
					"column": 19
				},
				"end": {
					"line": 1,
					"column": 33
				}
			}
		},
		{
			"type": "Punctuator",
			"value": "}",
			"start": 33,
			"end": 34,
			"loc": {
				"start": {
					"line": 1,
					"column": 33
				},
				"end": {
					"line": 1,
					"column": 34
				}
			}
		}
	],
	"start": 0,
	"end": 34,
	"loc": {
		"start": {
			"line": 1,
			"column": 0
		},
		"end": {
			"line": 1,
			"column": 34
		}
	}
}