{
	"type": "Template",
	"body": [
		{
			"type": "Section",
			"body": [
				{
					"type": "Block",
					"body": []
				}
			],
			"params": [
				{
					"type": "Param",
					"key": {
						"type": "Key",
						"name": "key",
						"loc": {
							"start": {
								"line": 1,
								"column": 10
							},
							"end": {
								"line": 1,
								"column": 13
							}
						}
					},
					"value": {
						"type": "Identifier",
						"path": [
							{
								"type": "Key",
								"name": "value",
								"loc": {
									"start": {
										"line": 1,
										"column": 14
									},
									"end": {
										"line": 1,
										"column": 19
									}
								}
							}
						],
						"localContext": false,
						"loc": {
							"start": {
								"line": 1,
								"column": 14
							},
							"end": {
								"line": 1,
								"column": 19
							}
						}
					},
					"loc": {
						"start": {
							"line": 1,
							"column": 10
						},
						"end": {
							"line": 1,
							"column": 19
						}
					}
				},
				{
					"type": "Param",
					"key": {
						"type": "Key",
						"name": "newKey",
						"loc": {
							"start": {
								"line": 1,
								"column": 20
							},
							"end": {
								"line": 1,
								"column": 26
							}
						}
					},
					"value": {
						"type": "Identifier",
						"path": [
							{
								"type": "Key",
								"name": "three",
								"loc": {
									"start": {
										"line": 1,
										"column": 27
									},
									"end": {
										"line": 1,
										"column": 32
									}
								}
							},
							{
								"type": "Key",
								"name": "two",
								"loc": {
									"start": {
										"line": 1,
										"column": 33
									},
									"end": {
										"line": 1,
										"column": 36
									}
								}
							},
							{
								"type": "Key",
								"name": "one",
								"loc": {
									"start": {
										"line": 1,
										"column": 37
									},
									"end": {
										"line": 1,
										"column": 40
									}
								}
							}
						],
						"localContext": false,
						"loc": {
							"start": {
								"line": 1,
								"column": 27
							},
							"end": {
								"line": 1,
								"column": 40
							}
						}
					},
					"loc": {
						"start": {
							"line": 1,
							"column": 20
						},
						"end": {
							"line": 1,
							"column": 40
						}
					}
				}
			],
			"kind": "#",
			"id": {
				"type": "Identifier",
				"path": [
					{
						"type": "Key",
						"name": "section",
						"loc": {
							"start": {
								"line": 1,
								"column": 2
							},
							"end": {
								"line": 1,
								"column": 9
							}
						}
					}
				],
				"localContext": false,
				"loc": {
					"start": {
						"line": 1,
						"column": 2
					},
					"end": {
						"line": 1,
						"column": 9
					}
				}
			},
			"block": {
				"type": "Block",
				"body": []
			},
			"loc": {
				"start": {
					"line": 1,
					"column": 0
				},
				"end": {
					"line": 1,
					"column": 43
				}
			}
		}
	],
	"tokens": [
		{
			"type": "Punctuator",
			"value": "{",
			"loc": {
				"start": {
					"line": 1,
					"column": 0
				},
				"end": {
					"line": 1,
					"column": 1
				}
			}
		},
		{
			"type": "Punctuator",
			"value": "#",
			"loc": {
				"start": {
					"line": 1,
					"column": 1
				},
				"end": {
					"line": 1,
					"column": 2
				}
			}
		},
		{
			"type": "Key",
			"value": "section",
			"loc": {
				"start": {
					"line": 1,
					"column": 2
				},
				"end": {
					"line": 1,
					"column": 9
				}
			}
		},
		{
			"type": "Key",
			"value": "key",
			"loc": {
				"start": {
					"line": 1,
					"column": 10
				},
				"end": {
					"line": 1,
					"column": 13
				}
			}
		},
		{
			"type": "Punctuator",
			"value": "=",
			"loc": {
				"start": {
					"line": 1,
					"column": 13
				},
				"end": {
					"line": 1,
					"column": 14
				}
			}
		},
		{
			"type": "Key",
			"value": "value",
			"loc": {
				"start": {
					"line": 1,
					"column": 14
				},
				"end": {
					"line": 1,
					"column": 19
				}
			}
		},
		{
			"type": "Key",
			"value": "newKey",
			"loc": {
				"start": {
					"line": 1,
					"column": 20
				},
				"end": {
					"line": 1,
					"column": 26
				}
			}
		},
		{
			"type": "Punctuator",
			"value": "=",
			"loc": {
				"start": {
					"line": 1,
					"column": 26
				},
				"end": {
					"line": 1,
					"column": 27
				}
			}
		},
		{
			"type": "Key",
			"value": "three",
			"loc": {
				"start": {
					"line": 1,
					"column": 27
				},
				"end": {
					"line": 1,
					"column": 32
				}
			}
		},
		{
			"type": "Punctuator",
			"value": ".",
			"loc": {
				"start": {
					"line": 1,
					"column": 32
				},
				"end": {
					"line": 1,
					"column": 33
				}
			}
		},
		{
			"type": "Key",
			"value": "two",
			"loc": {
				"start": {
					"line": 1,
					"column": 33
				},
				"end": {
					"line": 1,
					"column": 36
				}
			}
		},
		{
			"type": "Punctuator",
			"value": ".",
			"loc": {
				"start": {
					"line": 1,
					"column": 36
				},
				"end": {
					"line": 1,
					"column": 37
				}
			}
		},
		{
			"type": "Key",
			"value": "one",
			"loc": {
				"start": {
					"line": 1,
					"column": 37
				},
				"end": {
					"line": 1,
					"column": 40
				}
			}
		},
		{
			"type": "Punctuator",
			"value": "/",
			"loc": {
				"start": {
					"line": 1,
					"column": 41
				},
				"end": {
					"line": 1,
					"column": 42
				}
			}
		},
		{
			"type": "Punctuator",
			"value": "}",
			"loc": {
				"start": {
					"line": 1,
					"column": 42
				},
				"end": {
					"line": 1,
					"column": 43
				}
			}
		}
	],
	"loc": {
		"start": {
			"line": 1,
			"column": 0
		},
		"end": {
			"line": 1,
			"column": 43
		}
	}
}