{
	"type": "Template",
	"body": [
		{
			"type": "Section",
			"body": [
				{
					"type": "Block",
					"body": []
				}
			],
			"params": [],
			"format": {
				"startTagAfterStart": {
					"type": "Format",
					"text": "  ",
					"start": 2,
					"end": 4,
					"loc": {
						"start": {
							"line": 1,
							"column": 2
						},
						"end": {
							"line": 1,
							"column": 4
						}
					}
				},
				"startTagBeforeParam": [],
				"startTagBeforeEnd": {
					"type": "Format",
					"text": "     ",
					"start": 7,
					"end": 12,
					"loc": {
						"start": {
							"line": 1,
							"column": 7
						},
						"end": {
							"line": 1,
							"column": 12
						}
					}
				},
				"endTagAfterStart": null,
				"endTagBeforeEnd": null
			},
			"kind": "#",
			"id": {
				"type": "Identifier",
				"path": [
					{
						"type": "Key",
						"name": "hey",
						"start": 4,
						"end": 7,
						"loc": {
							"start": {
								"line": 1,
								"column": 4
							},
							"end": {
								"line": 1,
								"column": 7
							}
						}
					}
				],
				"localContext": false,
				"start": 4,
				"end": 7,
				"loc": {
					"start": {
						"line": 1,
						"column": 4
					},
					"end": {
						"line": 1,
						"column": 7
					}
				}
			},
			"block": {
				"type": "Block",
				"body": []
			},
			"start": 0,
			"end": 14,
			"loc": {
				"start": {
					"line": 1,
					"column": 0
				},
				"end": {
					"line": 1,
					"column": 14
				}
			}
		}
	],
	"tokens": [
		{
			"type": "Punctuator",
			"value": "{",
			"start": 0,
			"end": 1,
			"loc": {
				"start": {
					"line": 1,
					"column": 0
				},
				"end": {
					"line": 1,
					"column": 1
				}
			}
		},
		{
			"type": "Punctuator",
			"value": "#",
			"start": 1,
			"end": 2,
			"loc": {
				"start": {
					"line": 1,
					"column": 1
				},
				"end": {
					"line": 1,
					"column": 2
				}
			}
		},
		{
			"type": "Format",
			"value": "  ",
			"start": 2,
			"end": 4,
			"loc": {
				"start": {
					"line": 1,
					"column": 2
				},
				"end": {
					"line": 1,
					"column": 4
				}
			}
		},
		{
			"type": "Key",
			"value": "hey",
			"start": 4,
			"end": 7,
			"loc": {
				"start": {
					"line": 1,
					"column": 4
				},
				"end": {
					"line": 1,
					"column": 7
				}
			}
		},
		{
			"type": "Format",
			"value": "     ",
			"start": 7,
			"end": 12,
			"loc": {
				"start": {
					"line": 1,
					"column": 7
				},
				"end": {
					"line": 1,
					"column": 12
				}
			}
		},
		{
			"type": "Punctuator",
			"value": "/",
			"start": 12,
			"end": 13,
			"loc": {
				"start": {
					"line": 1,
					"column": 12
				},
				"end": {
					"line": 1,
					"column": 13
				}
			}
		},
		{
			"type": "Punctuator",
			"value": "}",
			"start": 13,
			"end": 14,
			"loc": {
				"start": {
					"line": 1,
					"column": 13
				},
				"end": {
					"line": 1,
					"column": 14
				}
			}
		}
	],
	"start": 0,
	"end": 14,
	"loc": {
		"start": {
			"line": 1,
			"column": 0
		},
		"end": {
			"line": 1,
			"column": 14
		}
	}
}