{
	"type": "Template",
	"body": [
		{
			"type": "Raw",
			"value": " this {is} a {#raw /} node",
			"start": 0,
			"end": 30,
			"loc": {
				"start": {
					"line": 1,
					"column": 0
				},
				"end": {
					"line": 1,
					"column": 30
				}
			}
		}
	],
	"tokens": [
		{
			"type": "Raw",
			"value": " this {is} a {#raw /} node",
			"start": 0,
			"end": 30,
			"loc": {
				"start": {
					"line": 1,
					"column": 0
				},
				"end": {
					"line": 1,
					"column": 30
				}
			}
		}
	],
	"start": 0,
	"end": 30,
	"loc": {
		"start": {
			"line": 1,
			"column": 0
		},
		"end": {
			"line": 1,
			"column": 30
		}
	}
}