{
	"type": "Template",
	"body": [
		{
			"type": "Reference",
			"id": {
				"type": "Identifier",
				"path": [
					{
						"type": "NumericLiteral",
						"value": 0,
						"loc": {
							"start": {
								"line": 1,
								"column": 4
							},
							"end": {
								"line": 1,
								"column": 5
							}
						}
					}
				],
				"localContext": true,
				"loc": {
					"start": {
						"line": 1,
						"column": 2
					},
					"end": {
						"line": 1,
						"column": 6
					}
				}
			},
			"filters": [],
			"loc": {
				"start": {
					"line": 1,
					"column": 1
				},
				"end": {
					"line": 1,
					"column": 7
				}
			}
		}
	],
	"tokens": [
		{
			"type": "Punctuator",
			"value": "{",
			"loc": {
				"start": {
					"line": 1,
					"column": 1
				},
				"end": {
					"line": 1,
					"column": 2
				}
			}
		},
		{
			"type": "Punctuator",
			"value": ".",
			"loc": {
				"start": {
					"line": 1,
					"column": 2
				},
				"end": {
					"line": 1,
					"column": 3
				}
			}
		},
		{
			"type": "Punctuator",
			"value": "[",
			"loc": {
				"start": {
					"line": 1,
					"column": 3
				},
				"end": {
					"line": 1,
					"column": 4
				}
			}
		},
		{
			"type": "NumericLiteral",
			"value": "0",
			"loc": {
				"start": {
					"line": 1,
					"column": 4
				},
				"end": {
					"line": 1,
					"column": 5
				}
			}
		},
		{
			"type": "Punctuator",
			"value": "]",
			"loc": {
				"start": {
					"line": 1,
					"column": 5
				},
				"end": {
					"line": 1,
					"column": 6
				}
			}
		},
		{
			"type": "Punctuator",
			"value": "}",
			"loc": {
				"start": {
					"line": 1,
					"column": 6
				},
				"end": {
					"line": 1,
					"column": 7
				}
			}
		}
	],
	"loc": {
		"start": {
			"line": 1,
			"column": 1
		},
		"end": {
			"line": 1,
			"column": 7
		}
	}
}