{
	"type": "Template",
	"body": [
		{
			"type": "Reference",
			"id": {
				"type": "Identifier",
				"path": [
					{
						"type": "Key",
						"name": "single-key",
						"loc": {
							"start": {
								"line": 1,
								"column": 2
							},
							"end": {
								"line": 1,
								"column": 12
							}
						}
					}
				],
				"loc": {
					"start": {
						"line": 1,
						"column": 2
					},
					"end": {
						"line": 1,
						"column": 12
					}
				}
			},
			"filters": [],
			"loc": {
				"start": {
					"line": 1,
					"column": 1
				},
				"end": {
					"line": 1,
					"column": 15
				}
			}
		}
	],
	"tokens": [
		{
			"type": "Punctuator",
			"value": "{",
			"loc": {
				"start": {
					"line": 1,
					"column": 1
				},
				"end": {
					"line": 1,
					"column": 2
				}
			}
		},
		{
			"type": "Key",
			"value": "single-key",
			"loc": {
				"start": {
					"line": 1,
					"column": 2
				},
				"end": {
					"line": 1,
					"column": 12
				}
			}
		},
		{
			"type": "Punctuator",
			"value": "/",
			"loc": {
				"start": {
					"line": 1,
					"column": 13
				},
				"end": {
					"line": 1,
					"column": 14
				}
			}
		},
		{
			"type": "Punctuator",
			"value": "}",
			"loc": {
				"start": {
					"line": 1,
					"column": 14
				},
				"end": {
					"line": 1,
					"column": 15
				}
			}
		}
	],
	"loc": {
		"start": {
			"line": 1,
			"column": 1
		},
		"end": {
			"line": 1,
			"column": 15
		}
	}
}