{
	"type": "Template",
	"body": [
		{
			"type": "Reference",
			"id": {
				"type": "Identifier",
				"path": [
					{
						"type": "Key",
						"name": "single-key",
						"start": 1,
						"end": 11,
						"loc": {
							"start": {
								"line": 1,
								"column": 1
							},
							"end": {
								"line": 1,
								"column": 11
							}
						}
					}
				],
				"localContext": false,
				"start": 1,
				"end": 11,
				"loc": {
					"start": {
						"line": 1,
						"column": 1
					},
					"end": {
						"line": 1,
						"column": 11
					}
				}
			},
			"filters": [
				{
					"type": "Key",
					"name": "js",
					"start": 12,
					"end": 14,
					"loc": {
						"start": {
							"line": 1,
							"column": 12
						},
						"end": {
							"line": 1,
							"column": 14
						}
					}
				}
			],
			"start": 0,
			"end": 15,
			"loc": {
				"start": {
					"line": 1,
					"column": 0
				},
				"end": {
					"line": 1,
					"column": 15
				}
			}
		}
	],
	"tokens": [
		{
			"type": "Punctuator",
			"value": "{",
			"start": 0,
			"end": 1,
			"loc": {
				"start": {
					"line": 1,
					"column": 0
				},
				"end": {
					"line": 1,
					"column": 1
				}
			}
		},
		{
			"type": "Key",
			"value": "single-key",
			"start": 1,
			"end": 11,
			"loc": {
				"start": {
					"line": 1,
					"column": 1
				},
				"end": {
					"line": 1,
					"column": 11
				}
			}
		},
		{
			"type": "Punctuator",
			"value": "|",
			"start": 11,
			"end": 12,
			"loc": {
				"start": {
					"line": 1,
					"column": 11
				},
				"end": {
					"line": 1,
					"column": 12
				}
			}
		},
		{
			"type": "Key",
			"value": "js",
			"start": 12,
			"end": 14,
			"loc": {
				"start": {
					"line": 1,
					"column": 12
				},
				"end": {
					"line": 1,
					"column": 14
				}
			}
		},
		{
			"type": "Punctuator",
			"value": "}",
			"start": 14,
			"end": 15,
			"loc": {
				"start": {
					"line": 1,
					"column": 14
				},
				"end": {
					"line": 1,
					"column": 15
				}
			}
		}
	],
	"start": 0,
	"end": 15,
	"loc": {
		"start": {
			"line": 1,
			"column": 0
		},
		"end": {
			"line": 1,
			"column": 15
		}
	}
}