{
	"type": "Template",
	"body": [
		{
			"type": "Reference",
			"id": {
				"type": "Identifier",
				"path": [
					{
						"type": "NumericLiteral",
						"value": 1,
						"start": 2,
						"end": 3,
						"loc": {
							"start": {
								"line": 1,
								"column": 2
							},
							"end": {
								"line": 1,
								"column": 3
							}
						}
					},
					{
						"type": "Key",
						"name": "thing",
						"start": 5,
						"end": 10,
						"loc": {
							"start": {
								"line": 1,
								"column": 5
							},
							"end": {
								"line": 1,
								"column": 10
							}
						}
					},
					{
						"type": "NumericLiteral",
						"value": 1,
						"start": 11,
						"end": 12,
						"loc": {
							"start": {
								"line": 1,
								"column": 11
							},
							"end": {
								"line": 1,
								"column": 12
							}
						}
					}
				],
				"localContext": false,
				"start": 1,
				"end": 13,
				"loc": {
					"start": {
						"line": 1,
						"column": 1
					},
					"end": {
						"line": 1,
						"column": 13
					}
				}
			},
			"filters": [],
			"start": 0,
			"end": 14,
			"loc": {
				"start": {
					"line": 1,
					"column": 0
				},
				"end": {
					"line": 1,
					"column": 14
				}
			}
		}
	],
	"tokens": [
		{
			"type": "Punctuator",
			"value": "{",
			"start": 0,
			"end": 1,
			"loc": {
				"start": {
					"line": 1,
					"column": 0
				},
				"end": {
					"line": 1,
					"column": 1
				}
			}
		},
		{
			"type": "Punctuator",
			"value": "[",
			"start": 1,
			"end": 2,
			"loc": {
				"start": {
					"line": 1,
					"column": 1
				},
				"end": {
					"line": 1,
					"column": 2
				}
			}
		},
		{
			"type": "NumericLiteral",
			"value": "1",
			"start": 2,
			"end": 3,
			"loc": {
				"start": {
					"line": 1,
					"column": 2
				},
				"end": {
					"line": 1,
					"column": 3
				}
			}
		},
		{
			"type": "Punctuator",
			"value": "]",
			"start": 3,
			"end": 4,
			"loc": {
				"start": {
					"line": 1,
					"column": 3
				},
				"end": {
					"line": 1,
					"column": 4
				}
			}
		},
		{
			"type": "Punctuator",
			"value": ".",
			"start": 4,
			"end": 5,
			"loc": {
				"start": {
					"line": 1,
					"column": 4
				},
				"end": {
					"line": 1,
					"column": 5
				}
			}
		},
		{
			"type": "Key",
			"value": "thing",
			"start": 5,
			"end": 10,
			"loc": {
				"start": {
					"line": 1,
					"column": 5
				},
				"end": {
					"line": 1,
					"column": 10
				}
			}
		},
		{
			"type": "Punctuator",
			"value": "[",
			"start": 10,
			"end": 11,
			"loc": {
				"start": {
					"line": 1,
					"column": 10
				},
				"end": {
					"line": 1,
					"column": 11
				}
			}
		},
		{
			"type": "NumericLiteral",
			"value": "1",
			"start": 11,
			"end": 12,
			"loc": {
				"start": {
					"line": 1,
					"column": 11
				},
				"end": {
					"line": 1,
					"column": 12
				}
			}
		},
		{
			"type": "Punctuator",
			"value": "]",
			"start": 12,
			"end": 13,
			"loc": {
				"start": {
					"line": 1,
					"column": 12
				},
				"end": {
					"line": 1,
					"column": 13
				}
			}
		},
		{
			"type": "Punctuator",
			"value": "}",
			"start": 13,
			"end": 14,
			"loc": {
				"start": {
					"line": 1,
					"column": 13
				},
				"end": {
					"line": 1,
					"column": 14
				}
			}
		}
	],
	"start": 0,
	"end": 14,
	"loc": {
		"start": {
			"line": 1,
			"column": 0
		},
		"end": {
			"line": 1,
			"column": 14
		}
	}
}