{
	"type": "Template",
	"body": [
		{
			"type": "Reference",
			"id": {
				"type": "Identifier",
				"path": [
					{
						"type": "Key",
						"name": "single-key",
						"loc": {
							"start": {
								"line": 1,
								"column": 1
							},
							"end": {
								"line": 1,
								"column": 11
							}
						}
					}
				],
				"localContext": false,
				"loc": {
					"start": {
						"line": 1,
						"column": 1
					},
					"end": {
						"line": 1,
						"column": 11
					}
				}
			},
			"filters": [
				{
					"type": "Key",
					"name": "js",
					"loc": {
						"start": {
							"line": 1,
							"column": 12
						},
						"end": {
							"line": 1,
							"column": 14
						}
					}
				}
			],
			"loc": {
				"start": {
					"line": 1,
					"column": 0
				},
				"end": {
					"line": 1,
					"column": 16
				}
			}
		}
	],
	"tokens": [
		{
			"type": "Punctuator",
			"value": "{",
			"loc": {
				"start": {
					"line": 1,
					"column": 0
				},
				"end": {
					"line": 1,
					"column": 1
				}
			}
		},
		{
			"type": "Key",
			"value": "single-key",
			"loc": {
				"start": {
					"line": 1,
					"column": 1
				},
				"end": {
					"line": 1,
					"column": 11
				}
			}
		},
		{
			"type": "Punctuator",
			"value": "|",
			"loc": {
				"start": {
					"line": 1,
					"column": 11
				},
				"end": {
					"line": 1,
					"column": 12
				}
			}
		},
		{
			"type": "Key",
			"value": "js",
			"loc": {
				"start": {
					"line": 1,
					"column": 12
				},
				"end": {
					"line": 1,
					"column": 14
				}
			}
		},
		{
			"type": "Punctuator",
			"value": "/",
			"loc": {
				"start": {
					"line": 1,
					"column": 14
				},
				"end": {
					"line": 1,
					"column": 15
				}
			}
		},
		{
			"type": "Punctuator",
			"value": "}",
			"loc": {
				"start": {
					"line": 1,
					"column": 15
				},
				"end": {
					"line": 1,
					"column": 16
				}
			}
		}
	],
	"loc": {
		"start": {
			"line": 1,
			"column": 0
		},
		"end": {
			"line": 1,
			"column": 16
		}
	}
}