{
	"type": "Template",
	"body": [
		{
			"type": "Reference",
			"id": {
				"type": "Identifier",
				"path": [
					{
						"type": "Key",
						"name": "thing",
						"loc": {
							"start": {
								"line": 1,
								"column": 2
							},
							"end": {
								"line": 1,
								"column": 7
							}
						}
					},
					{
						"type": "Key",
						"name": "two",
						"loc": {
							"start": {
								"line": 1,
								"column": 8
							},
							"end": {
								"line": 1,
								"column": 11
							}
						}
					},
					{
						"type": "NumericLiteral",
						"value": 2,
						"loc": {
							"start": {
								"line": 1,
								"column": 12
							},
							"end": {
								"line": 1,
								"column": 13
							}
						}
					}
				],
				"localContext": true,
				"loc": {
					"start": {
						"line": 1,
						"column": 1
					},
					"end": {
						"line": 1,
						"column": 14
					}
				}
			},
			"filters": [],
			"loc": {
				"start": {
					"line": 1,
					"column": 0
				},
				"end": {
					"line": 1,
					"column": 15
				}
			}
		}
	],
	"tokens": [
		{
			"type": "Punctuator",
			"value": "{",
			"loc": {
				"start": {
					"line": 1,
					"column": 0
				},
				"end": {
					"line": 1,
					"column": 1
				}
			}
		},
		{
			"type": "Punctuator",
			"value": ".",
			"loc": {
				"start": {
					"line": 1,
					"column": 1
				},
				"end": {
					"line": 1,
					"column": 2
				}
			}
		},
		{
			"type": "Key",
			"value": "thing",
			"loc": {
				"start": {
					"line": 1,
					"column": 2
				},
				"end": {
					"line": 1,
					"column": 7
				}
			}
		},
		{
			"type": "Punctuator",
			"value": ".",
			"loc": {
				"start": {
					"line": 1,
					"column": 7
				},
				"end": {
					"line": 1,
					"column": 8
				}
			}
		},
		{
			"type": "Key",
			"value": "two",
			"loc": {
				"start": {
					"line": 1,
					"column": 8
				},
				"end": {
					"line": 1,
					"column": 11
				}
			}
		},
		{
			"type": "Punctuator",
			"value": "[",
			"loc": {
				"start": {
					"line": 1,
					"column": 11
				},
				"end": {
					"line": 1,
					"column": 12
				}
			}
		},
		{
			"type": "NumericLiteral",
			"value": "2",
			"loc": {
				"start": {
					"line": 1,
					"column": 12
				},
				"end": {
					"line": 1,
					"column": 13
				}
			}
		},
		{
			"type": "Punctuator",
			"value": "]",
			"loc": {
				"start": {
					"line": 1,
					"column": 13
				},
				"end": {
					"line": 1,
					"column": 14
				}
			}
		},
		{
			"type": "Punctuator",
			"value": "}",
			"loc": {
				"start": {
					"line": 1,
					"column": 14
				},
				"end": {
					"line": 1,
					"column": 15
				}
			}
		}
	],
	"loc": {
		"start": {
			"line": 1,
			"column": 0
		},
		"end": {
			"line": 1,
			"column": 15
		}
	}
}