{
	"body": [
		{
			"path": [
				{
					"name": "single-key",
					"loc": {
						"start": {
							"line": 1,
							"column": 2
						},
						"end": {
							"line": 1,
							"column": 12
						}
					}
				}
			],
			"filters": [],
			"loc": {
				"start": {
					"line": 1,
					"column": 1
				},
				"end": {
					"line": 1,
					"column": 13
				}
			}
		}
	],
	"tokens": [
		{
			"type": "Punctuator",
			"value": "{",
			"loc": {
				"start": {
					"line": 1,
					"column": 1
				},
				"end": {
					"line": 1,
					"column": 2
				}
			}
		},
		{
			"type": "Key",
			"value": "single-key",
			"loc": {
				"start": {
					"line": 1,
					"column": 2
				},
				"end": {
					"line": 1,
					"column": 12
				}
			}
		},
		{
			"type": "Punctuator",
			"value": "}",
			"loc": {
				"start": {
					"line": 1,
					"column": 12
				},
				"end": {
					"line": 1,
					"column": 13
				}
			}
		}
	],
	"loc": {
		"start": {
			"line": 1,
			"column": 1
		},
		"end": {
			"line": 1,
			"column": 13
		}
	}
}