{
	"type": "Template",
	"body": [
		{
			"type": "Reference",
			"id": {
				"type": "Identifier",
				"path": [
					{
						"type": "Key",
						"name": "one",
						"start": 1,
						"end": 4,
						"loc": {
							"start": {
								"line": 1,
								"column": 1
							},
							"end": {
								"line": 1,
								"column": 4
							}
						}
					},
					{
						"type": "Key",
						"name": "two",
						"start": 5,
						"end": 8,
						"loc": {
							"start": {
								"line": 1,
								"column": 5
							},
							"end": {
								"line": 1,
								"column": 8
							}
						}
					},
					{
						"type": "Key",
						"name": "three",
						"start": 9,
						"end": 14,
						"loc": {
							"start": {
								"line": 1,
								"column": 9
							},
							"end": {
								"line": 1,
								"column": 14
							}
						}
					},
					{
						"type": "Key",
						"name": "four",
						"start": 15,
						"end": 19,
						"loc": {
							"start": {
								"line": 1,
								"column": 15
							},
							"end": {
								"line": 1,
								"column": 19
							}
						}
					},
					{
						"type": "Key",
						"name": "five",
						"start": 20,
						"end": 24,
						"loc": {
							"start": {
								"line": 1,
								"column": 20
							},
							"end": {
								"line": 1,
								"column": 24
							}
						}
					}
				],
				"localContext": false,
				"start": 1,
				"end": 24,
				"loc": {
					"start": {
						"line": 1,
						"column": 1
					},
					"end": {
						"line": 1,
						"column": 24
					}
				}
			},
			"filters": [],
			"start": 0,
			"end": 26,
			"loc": {
				"start": {
					"line": 1,
					"column": 0
				},
				"end": {
					"line": 1,
					"column": 26
				}
			}
		}
	],
	"tokens": [
		{
			"type": "Punctuator",
			"value": "{",
			"start": 0,
			"end": 1,
			"loc": {
				"start": {
					"line": 1,
					"column": 0
				},
				"end": {
					"line": 1,
					"column": 1
				}
			}
		},
		{
			"type": "Key",
			"value": "one",
			"start": 1,
			"end": 4,
			"loc": {
				"start": {
					"line": 1,
					"column": 1
				},
				"end": {
					"line": 1,
					"column": 4
				}
			}
		},
		{
			"type": "Punctuator",
			"value": ".",
			"start": 4,
			"end": 5,
			"loc": {
				"start": {
					"line": 1,
					"column": 4
				},
				"end": {
					"line": 1,
					"column": 5
				}
			}
		},
		{
			"type": "Key",
			"value": "two",
			"start": 5,
			"end": 8,
			"loc": {
				"start": {
					"line": 1,
					"column": 5
				},
				"end": {
					"line": 1,
					"column": 8
				}
			}
		},
		{
			"type": "Punctuator",
			"value": ".",
			"start": 8,
			"end": 9,
			"loc": {
				"start": {
					"line": 1,
					"column": 8
				},
				"end": {
					"line": 1,
					"column": 9
				}
			}
		},
		{
			"type": "Key",
			"value": "three",
			"start": 9,
			"end": 14,
			"loc": {
				"start": {
					"line": 1,
					"column": 9
				},
				"end": {
					"line": 1,
					"column": 14
				}
			}
		},
		{
			"type": "Punctuator",
			"value": ".",
			"start": 14,
			"end": 15,
			"loc": {
				"start": {
					"line": 1,
					"column": 14
				},
				"end": {
					"line": 1,
					"column": 15
				}
			}
		},
		{
			"type": "Key",
			"value": "four",
			"start": 15,
			"end": 19,
			"loc": {
				"start": {
					"line": 1,
					"column": 15
				},
				"end": {
					"line": 1,
					"column": 19
				}
			}
		},
		{
			"type": "Punctuator",
			"value": ".",
			"start": 19,
			"end": 20,
			"loc": {
				"start": {
					"line": 1,
					"column": 19
				},
				"end": {
					"line": 1,
					"column": 20
				}
			}
		},
		{
			"type": "Key",
			"value": "five",
			"start": 20,
			"end": 24,
			"loc": {
				"start": {
					"line": 1,
					"column": 20
				},
				"end": {
					"line": 1,
					"column": 24
				}
			}
		},
		{
			"type": "Punctuator",
			"value": "/",
			"start": 24,
			"end": 25,
			"loc": {
				"start": {
					"line": 1,
					"column": 24
				},
				"end": {
					"line": 1,
					"column": 25
				}
			}
		},
		{
			"type": "Punctuator",
			"value": "}",
			"start": 25,
			"end": 26,
			"loc": {
				"start": {
					"line": 1,
					"column": 25
				},
				"end": {
					"line": 1,
					"column": 26
				}
			}
		}
	],
	"start": 0,
	"end": 26,
	"loc": {
		"start": {
			"line": 1,
			"column": 0
		},
		"end": {
			"line": 1,
			"column": 26
		}
	}
}