{
	"type": "Template",
	"body": [
		{
			"type": "Reference",
			"id": {
				"type": "Identifier",
				"path": [
					{
						"type": "Key",
						"name": "single-key",
						"start": 4,
						"end": 14,
						"loc": {
							"start": {
								"line": 1,
								"column": 4
							},
							"end": {
								"line": 1,
								"column": 14
							}
						}
					}
				],
				"localContext": false,
				"start": 4,
				"end": 14,
				"loc": {
					"start": {
						"line": 1,
						"column": 4
					},
					"end": {
						"line": 1,
						"column": 14
					}
				}
			},
			"filters": [],
			"start": 0,
			"end": 25,
			"loc": {
				"start": {
					"line": 1,
					"column": 0
				},
				"end": {
					"line": 1,
					"column": 25
				}
			}
		}
	],
	"tokens": [
		{
			"type": "Punctuator",
			"value": "{",
			"start": 0,
			"end": 1,
			"loc": {
				"start": {
					"line": 1,
					"column": 0
				},
				"end": {
					"line": 1,
					"column": 1
				}
			}
		},
		{
			"type": "Key",
			"value": "single-key",
			"start": 4,
			"end": 14,
			"loc": {
				"start": {
					"line": 1,
					"column": 4
				},
				"end": {
					"line": 1,
					"column": 14
				}
			}
		},
		{
			"type": "Punctuator",
			"value": "}",
			"start": 24,
			"end": 25,
			"loc": {
				"start": {
					"line": 1,
					"column": 24
				},
				"end": {
					"line": 1,
					"column": 25
				}
			}
		}
	],
	"start": 0,
	"end": 25,
	"loc": {
		"start": {
			"line": 1,
			"column": 0
		},
		"end": {
			"line": 1,
			"column": 25
		}
	}
}