{
	"type": "Template",
	"body": [
		{
			"type": "Reference",
			"id": {
				"type": "Identifier",
				"path": [
					{
						"type": "Key",
						"name": "one",
						"loc": {
							"start": {
								"line": 1,
								"column": 3
							},
							"end": {
								"line": 1,
								"column": 6
							}
						}
					},
					{
						"type": "Key",
						"name": "two",
						"loc": {
							"start": {
								"line": 1,
								"column": 7
							},
							"end": {
								"line": 1,
								"column": 10
							}
						}
					},
					{
						"type": "Key",
						"name": "three",
						"loc": {
							"start": {
								"line": 1,
								"column": 11
							},
							"end": {
								"line": 1,
								"column": 16
							}
						}
					}
				],
				"localContext": true,
				"loc": {
					"start": {
						"line": 1,
						"column": 2
					},
					"end": {
						"line": 1,
						"column": 16
					}
				}
			},
			"filters": [],
			"loc": {
				"start": {
					"line": 1,
					"column": 1
				},
				"end": {
					"line": 1,
					"column": 17
				}
			}
		}
	],
	"tokens": [
		{
			"type": "Punctuator",
			"value": "{",
			"loc": {
				"start": {
					"line": 1,
					"column": 1
				},
				"end": {
					"line": 1,
					"column": 2
				}
			}
		},
		{
			"type": "Punctuator",
			"value": ".",
			"loc": {
				"start": {
					"line": 1,
					"column": 2
				},
				"end": {
					"line": 1,
					"column": 3
				}
			}
		},
		{
			"type": "Key",
			"value": "one",
			"loc": {
				"start": {
					"line": 1,
					"column": 3
				},
				"end": {
					"line": 1,
					"column": 6
				}
			}
		},
		{
			"type": "Punctuator",
			"value": ".",
			"loc": {
				"start": {
					"line": 1,
					"column": 6
				},
				"end": {
					"line": 1,
					"column": 7
				}
			}
		},
		{
			"type": "Key",
			"value": "two",
			"loc": {
				"start": {
					"line": 1,
					"column": 7
				},
				"end": {
					"line": 1,
					"column": 10
				}
			}
		},
		{
			"type": "Punctuator",
			"value": ".",
			"loc": {
				"start": {
					"line": 1,
					"column": 10
				},
				"end": {
					"line": 1,
					"column": 11
				}
			}
		},
		{
			"type": "Key",
			"value": "three",
			"loc": {
				"start": {
					"line": 1,
					"column": 11
				},
				"end": {
					"line": 1,
					"column": 16
				}
			}
		},
		{
			"type": "Punctuator",
			"value": "}",
			"loc": {
				"start": {
					"line": 1,
					"column": 16
				},
				"end": {
					"line": 1,
					"column": 17
				}
			}
		}
	],
	"loc": {
		"start": {
			"line": 1,
			"column": 1
		},
		"end": {
			"line": 1,
			"column": 17
		}
	}
}