{
	"type": "Template",
	"body": [
		{
			"type": "Reference",
			"filters": [],
			"id": {
				"type": "Identifier",
				"path": [
					{
						"type": "Key",
						"name": "thing",
						"start": 2,
						"end": 7,
						"loc": {
							"start": {
								"line": 1,
								"column": 2
							},
							"end": {
								"line": 1,
								"column": 7
							}
						}
					},
					{
						"type": "Key",
						"name": "two",
						"start": 8,
						"end": 11,
						"loc": {
							"start": {
								"line": 1,
								"column": 8
							},
							"end": {
								"line": 1,
								"column": 11
							}
						}
					},
					{
						"type": "NumericLiteral",
						"value": 2,
						"start": 12,
						"end": 13,
						"loc": {
							"start": {
								"line": 1,
								"column": 12
							},
							"end": {
								"line": 1,
								"column": 13
							}
						}
					}
				],
				"localContext": true,
				"start": 1,
				"end": 14,
				"loc": {
					"start": {
						"line": 1,
						"column": 1
					},
					"end": {
						"line": 1,
						"column": 14
					}
				}
			},
			"start": 0,
			"end": 15,
			"loc": {
				"start": {
					"line": 1,
					"column": 0
				},
				"end": {
					"line": 1,
					"column": 15
				}
			}
		}
	],
	"tokens": [
		{
			"type": "Punctuator",
			"value": "{",
			"start": 0,
			"end": 1,
			"loc": {
				"start": {
					"line": 1,
					"column": 0
				},
				"end": {
					"line": 1,
					"column": 1
				}
			}
		},
		{
			"type": "Punctuator",
			"value": ".",
			"start": 1,
			"end": 2,
			"loc": {
				"start": {
					"line": 1,
					"column": 1
				},
				"end": {
					"line": 1,
					"column": 2
				}
			}
		},
		{
			"type": "Key",
			"value": "thing",
			"start": 2,
			"end": 7,
			"loc": {
				"start": {
					"line": 1,
					"column": 2
				},
				"end": {
					"line": 1,
					"column": 7
				}
			}
		},
		{
			"type": "Punctuator",
			"value": ".",
			"start": 7,
			"end": 8,
			"loc": {
				"start": {
					"line": 1,
					"column": 7
				},
				"end": {
					"line": 1,
					"column": 8
				}
			}
		},
		{
			"type": "Key",
			"value": "two",
			"start": 8,
			"end": 11,
			"loc": {
				"start": {
					"line": 1,
					"column": 8
				},
				"end": {
					"line": 1,
					"column": 11
				}
			}
		},
		{
			"type": "Punctuator",
			"value": "[",
			"start": 11,
			"end": 12,
			"loc": {
				"start": {
					"line": 1,
					"column": 11
				},
				"end": {
					"line": 1,
					"column": 12
				}
			}
		},
		{
			"type": "NumericLiteral",
			"value": "2",
			"start": 12,
			"end": 13,
			"loc": {
				"start": {
					"line": 1,
					"column": 12
				},
				"end": {
					"line": 1,
					"column": 13
				}
			}
		},
		{
			"type": "Punctuator",
			"value": "]",
			"start": 13,
			"end": 14,
			"loc": {
				"start": {
					"line": 1,
					"column": 13
				},
				"end": {
					"line": 1,
					"column": 14
				}
			}
		},
		{
			"type": "Punctuator",
			"value": "}",
			"start": 14,
			"end": 15,
			"loc": {
				"start": {
					"line": 1,
					"column": 14
				},
				"end": {
					"line": 1,
					"column": 15
				}
			}
		}
	],
	"start": 0,
	"end": 15,
	"loc": {
		"start": {
			"line": 1,
			"column": 0
		},
		"end": {
			"line": 1,
			"column": 15
		}
	}
}