{
	"type": "Template",
	"body": [
		{
			"type": "Reference",
			"id": {
				"type": "Identifier",
				"path": [
					{
						"type": "NumericLiteral",
						"value": 0,
						"loc": {
							"start": {
								"line": 1,
								"column": 3
							},
							"end": {
								"line": 1,
								"column": 4
							}
						}
					},
					{
						"type": "Key",
						"name": "one",
						"loc": {
							"start": {
								"line": 1,
								"column": 6
							},
							"end": {
								"line": 1,
								"column": 9
							}
						}
					}
				],
				"localContext": false,
				"loc": {
					"start": {
						"line": 1,
						"column": 2
					},
					"end": {
						"line": 1,
						"column": 9
					}
				}
			},
			"filters": [],
			"loc": {
				"start": {
					"line": 1,
					"column": 1
				},
				"end": {
					"line": 1,
					"column": 10
				}
			}
		}
	],
	"tokens": [
		{
			"type": "Punctuator",
			"value": "{",
			"loc": {
				"start": {
					"line": 1,
					"column": 1
				},
				"end": {
					"line": 1,
					"column": 2
				}
			}
		},
		{
			"type": "Punctuator",
			"value": "[",
			"loc": {
				"start": {
					"line": 1,
					"column": 2
				},
				"end": {
					"line": 1,
					"column": 3
				}
			}
		},
		{
			"type": "NumericLiteral",
			"value": "0",
			"loc": {
				"start": {
					"line": 1,
					"column": 3
				},
				"end": {
					"line": 1,
					"column": 4
				}
			}
		},
		{
			"type": "Punctuator",
			"value": "]",
			"loc": {
				"start": {
					"line": 1,
					"column": 4
				},
				"end": {
					"line": 1,
					"column": 5
				}
			}
		},
		{
			"type": "Punctuator",
			"value": ".",
			"loc": {
				"start": {
					"line": 1,
					"column": 5
				},
				"end": {
					"line": 1,
					"column": 6
				}
			}
		},
		{
			"type": "Key",
			"value": "one",
			"loc": {
				"start": {
					"line": 1,
					"column": 6
				},
				"end": {
					"line": 1,
					"column": 9
				}
			}
		},
		{
			"type": "Punctuator",
			"value": "}",
			"loc": {
				"start": {
					"line": 1,
					"column": 9
				},
				"end": {
					"line": 1,
					"column": 10
				}
			}
		}
	],
	"loc": {
		"start": {
			"line": 1,
			"column": 1
		},
		"end": {
			"line": 1,
			"column": 10
		}
	}
}